// Jest Snapshot v1, https://goo.gl/fbAQLP

exports[`should render AppRouter correctly 1`] = `
<BrowserRouter>
  <div>
    <Header />
    <Switch>
      <Route
        component={[Function]}
        exact={true}
        path="/"
      />
      <Route
        component={[Function]}
        path="/create"
      />
      <Route
        component={[Function]}
        path="/edit/:id"
      />
      <Route
        component={[Function]}
        path="/help"
      />
      <Route
        component={[Function]}
      />
    </Switch>
  </div>
</BrowserRouter>
`;
